2025-08-18 17:36:40,911 - INFO - Running: Backing up courses
2025-08-18 17:36:42,000 - ERROR - ❌ Command failed: python manage.py dumpdata training.course --format=json --indent=2 > current_courses_backup.json
Error: /home/abdallrhman/Abdelrahman/work/freelance/Ageri/Ageri/venv/lib/python3.12/site-packages/rest_framework_simplejwt/__init__.py:1: UserWarning: pkg_resources is deprecated as an API. See https://setuptools.pypa.io/en/latest/pkg_resources.html. The pkg_resources package is slated for removal as early as 2025-11-30. Refrain from using this package or pin to Setuptools<81.
  from pkg_resources import DistributionNotFound, get_distribution
CommandError: Unable to serialize database: no such table: training_course

2025-08-18 17:36:42,000 - INFO - Running: Backing up enrollments
2025-08-18 17:36:42,880 - ERROR - ❌ Command failed: python manage.py dumpdata training.courseenrollment --format=json --indent=2 > current_enrollments_backup.json
Error: /home/abdallrhman/Abdelrahman/work/freelance/Ageri/Ageri/venv/lib/python3.12/site-packages/rest_framework_simplejwt/__init__.py:1: UserWarning: pkg_resources is deprecated as an API. See https://setuptools.pypa.io/en/latest/pkg_resources.html. The pkg_resources package is slated for removal as early as 2025-11-30. Refrain from using this package or pin to Setuptools<81.
  from pkg_resources import DistributionNotFound, get_distribution
CommandError: Unable to serialize database: no such table: training_courseenrollment

2025-08-18 17:36:43,059 - ERROR - Error dropping tables: No module named 'Ageri'
2025-08-18 17:37:21,516 - INFO - Running: Backing up courses
2025-08-18 17:37:22,433 - ERROR - ❌ Command failed: python manage.py dumpdata training.course --format=json --indent=2 > current_courses_backup.json
Error: /home/abdallrhman/Abdelrahman/work/freelance/Ageri/Ageri/venv/lib/python3.12/site-packages/rest_framework_simplejwt/__init__.py:1: UserWarning: pkg_resources is deprecated as an API. See https://setuptools.pypa.io/en/latest/pkg_resources.html. The pkg_resources package is slated for removal as early as 2025-11-30. Refrain from using this package or pin to Setuptools<81.
  from pkg_resources import DistributionNotFound, get_distribution
CommandError: Unable to serialize database: no such table: training_course

2025-08-18 17:37:22,433 - INFO - Running: Backing up enrollments
2025-08-18 17:37:23,368 - ERROR - ❌ Command failed: python manage.py dumpdata training.courseenrollment --format=json --indent=2 > current_enrollments_backup.json
Error: /home/abdallrhman/Abdelrahman/work/freelance/Ageri/Ageri/venv/lib/python3.12/site-packages/rest_framework_simplejwt/__init__.py:1: UserWarning: pkg_resources is deprecated as an API. See https://setuptools.pypa.io/en/latest/pkg_resources.html. The pkg_resources package is slated for removal as early as 2025-11-30. Refrain from using this package or pin to Setuptools<81.
  from pkg_resources import DistributionNotFound, get_distribution
CommandError: Unable to serialize database: no such table: training_courseenrollment

2025-08-18 14:37:23,762 - INFO - Running: Creating new training migrations
2025-08-18 14:37:24,789 - INFO - ✅ Command completed: python manage.py makemigrations training
2025-08-18 14:37:24,789 - INFO - Running: Applying training migrations
2025-08-18 14:37:26,821 - INFO - ✅ Command completed: python manage.py migrate training
2025-08-18 14:37:26,823 - INFO - Django environment setup complete for restoration
2025-08-18 14:37:26,823 - INFO - Loaded 0 records from final_courses_backup.json
